<?xml version="1.0" encoding="UTF-8"?>
<testsuites>
  <testsuite name="Tests\Feature\AuthSecurityTest" file="C:\laragon\www\gasoline-system-website\tests\Feature\AuthSecurityTest.php" tests="1" assertions="2" errors="1" failures="0" skipped="0" time="0.936839">
    <testcase name="test_default_clerk_credentials_are_config_driven" file="C:\laragon\www\gasoline-system-website\tests\Feature\AuthSecurityTest.php" line="70" class="Tests\Feature\AuthSecurityTest" classname="Tests.Feature.AuthSecurityTest" assertions="2" time="0.936839">
      <error type="Error">Tests\Feature\AuthSecurityTest::test_default_clerk_credentials_are_config_driven&#13;
Error: Call to a member function all() on array
&#13;
C:\laragon\www\gasoline-system-website\vendor\laravel\framework\src\Illuminate\Testing\TestResponseAssert.php:81
C:\laragon\www\gasoline-system-website\vendor\laravel\framework\src\Illuminate\Testing\TestResponseAssert.php:47
C:\laragon\www\gasoline-system-website\vendor\laravel\framework\src\Illuminate\Testing\TestResponse.php:433
C:\laragon\www\gasoline-system-website\vendor\laravel\framework\src\Illuminate\Testing\TestResponse.php:207
C:\laragon\www\gasoline-system-website\tests\Feature\AuthSecurityTest.php:81</error>
    </testcase>
  </testsuite>
</testsuites>
